2026-08-14 19:46:21 serial = 27182818284
2026-08-14 19:46:21 email = anon
2026-08-14 19:46:21 RTG version = RTG Tools 3.13 / Core c27844a5bb (2025-05-27)
2026-08-14 19:46:21 apple.awt.application.name = RtgTools
2026-08-14 19:46:21 file.encoding = UTF-8
2026-08-14 19:46:21 file.separator = /
2026-08-14 19:46:21 ftp.nonProxyHosts = local|*.local|169.254/16|*.169.254/16
2026-08-14 19:46:21 host.name = Rashwanths-MacBook-Pro.local
2026-08-14 19:46:21 http.nonProxyHosts = local|*.local|169.254/16|*.169.254/16
2026-08-14 19:46:21 java.class.path = /Users/rash/Documents/Files/Self/College/Semester 7/DNA/project/itr1/tools/rtg-tools-3.13/RTG.jar
2026-08-14 19:46:21 java.class.version = 67.0
2026-08-14 19:46:21 java.home = /Library/Java/JavaVirtualMachines/jdk-23.jdk/Contents/Home
2026-08-14 19:46:21 java.io.tmpdir = /var/folders/hf/lgxr763d0dx9wh5gzjxr233m0000gn/T/
2026-08-14 19:46:21 java.library.path = /Users/rash/Documents/Files/Self/College/Semester 7/DNA/project/itr1/tools/rtg-tools-3.13
2026-08-14 19:46:21 java.runtime.name = Java(TM) SE Runtime Environment
2026-08-14 19:46:21 java.runtime.version = 23.0.2+7-58
2026-08-14 19:46:21 java.specification.name = Java Platform API Specification
2026-08-14 19:46:21 java.specification.vendor = Oracle Corporation
2026-08-14 19:46:21 java.specification.version = 23
2026-08-14 19:46:21 java.vendor = Oracle Corporation
2026-08-14 19:46:21 java.vendor.url = https://java.oracle.com/
2026-08-14 19:46:21 java.vendor.url.bug = https://bugreport.java.com/bugreport/
2026-08-14 19:46:21 java.version = 23.0.2
2026-08-14 19:46:21 java.version.date = 2025-01-21
2026-08-14 19:46:21 java.vm.compressedOopsMode = Non-zero disjoint base
2026-08-14 19:46:21 java.vm.info = mixed mode, sharing
2026-08-14 19:46:21 java.vm.name = Java HotSpot(TM) 64-Bit Server VM
2026-08-14 19:46:21 java.vm.specification.name = Java Virtual Machine Specification
2026-08-14 19:46:21 java.vm.specification.vendor = Oracle Corporation
2026-08-14 19:46:21 java.vm.specification.version = 23
2026-08-14 19:46:21 java.vm.vendor = Oracle Corporation
2026-08-14 19:46:21 java.vm.version = 23.0.2+7-58
2026-08-14 19:46:21 jdk.debug = release
2026-08-14 19:46:21 lang.version = 23.0.2
2026-08-14 19:46:21 line.separator = 

2026-08-14 19:46:21 models.dir = /Users/rash/Documents/Files/Self/College/Semester 7/DNA/project/itr1/tools/rtg-tools-3.13/models
2026-08-14 19:46:21 nashorn.option.no.deprecation.warning = true
2026-08-14 19:46:21 native.encoding = UTF-8
2026-08-14 19:46:21 os.arch = aarch64
2026-08-14 19:46:21 os.freememory = 513474560
2026-08-14 19:46:21 os.name = Mac OS X
2026-08-14 19:46:21 os.totalmemory = 25769803776
2026-08-14 19:46:21 os.version = 26.6.1
2026-08-14 19:46:21 path.separator = :
2026-08-14 19:46:21 polyglot.js.nashorn-compat = true
2026-08-14 19:46:21 processor.arch = aarch64
2026-08-14 19:46:21 processor.count = 10
2026-08-14 19:46:21 references.dir = /Users/rash/Documents/Files/Self/College/Semester 7/DNA/project/itr1/tools/rtg-tools-3.13/references
2026-08-14 19:46:21 runtime.freememory = 406258936
2026-08-14 19:46:21 runtime.maxmemory = 23202889728
2026-08-14 19:46:21 runtime.totalMemory = 419430400
2026-08-14 19:46:21 socksNonProxyHosts = local|*.local|169.254/16|*.169.254/16
2026-08-14 19:46:21 stderr.encoding = UTF-8
2026-08-14 19:46:21 stdout.encoding = UTF-8
2026-08-14 19:46:21 sun.arch.data.model = 64
2026-08-14 19:46:21 sun.boot.library.path = /Library/Java/JavaVirtualMachines/jdk-23.jdk/Contents/Home/lib
2026-08-14 19:46:21 sun.cpu.endian = little
2026-08-14 19:46:21 sun.io.unicode.encoding = UnicodeBig
2026-08-14 19:46:21 sun.java.command = /Users/rash/Documents/Files/Self/College/Semester 7/DNA/project/itr1/tools/rtg-tools-3.13/RTG.jar vcfeval -b /Users/rash/Documents/Files/Self/College/Semester 7/DNA/project/itr1/data/truth/ecoli.truth.vcf.gz -c /Users/rash/Documents/Files/Self/College/Semester 7/DNA/project/itr1/work/norm/ecoli_cov30_len150_err0_seed1.bowtie2.bcftools.raw.norm.vcf.gz -t /Users/rash/Documents/Files/Self/College/Semester 7/DNA/project/itr1/data/refs/ecoli.sdf -e /Users/rash/Documents/Files/Self/College/Semester 7/DNA/project/itr1/data/truth/ecoli.confident.bed --vcf-score-field=QUAL -o /Users/rash/Documents/Files/Self/College/Semester 7/DNA/project/itr1/results/vcfeval/ecoli_cov30_len150_err0_seed1__bowtie2__bcftools__raw__all
2026-08-14 19:46:21 sun.java.launcher = SUN_STANDARD
2026-08-14 19:46:21 sun.jnu.encoding = UTF-8
2026-08-14 19:46:21 sun.management.compiler = HotSpot 64-Bit Tiered Compilers
2026-08-14 19:46:21 talkback = false
2026-08-14 19:46:21 usage = false
2026-08-14 19:46:21 user.country = US
2026-08-14 19:46:21 user.dir = /Users/rash/Documents/Files/Self/College/Semester 7/DNA/project/itr1
2026-08-14 19:46:21 user.home = /Users/rash
2026-08-14 19:46:21 user.language = en
2026-08-14 19:46:21 user.name = rash
2026-08-14 19:46:21 user.timezone = Asia/Kolkata
2026-08-14 19:46:21 vendor = Oracle Corporation
2026-08-14 19:46:21 gzipfix.enabled = false
2026-08-14 19:46:21 Command line arguments: rtg vcfeval -b "/Users/rash/Documents/Files/Self/College/Semester 7/DNA/project/itr1/data/truth/ecoli.truth.vcf.gz" -c "/Users/rash/Documents/Files/Self/College/Semester 7/DNA/project/itr1/work/norm/ecoli_cov30_len150_err0_seed1.bowtie2.bcftools.raw.norm.vcf.gz" -t "/Users/rash/Documents/Files/Self/College/Semester 7/DNA/project/itr1/data/refs/ecoli.sdf" -e "/Users/rash/Documents/Files/Self/College/Semester 7/DNA/project/itr1/data/truth/ecoli.confident.bed" --vcf-score-field=QUAL -o "/Users/rash/Documents/Files/Self/College/Semester 7/DNA/project/itr1/results/vcfeval/ecoli_cov30_len150_err0_seed1__bowtie2__bcftools__raw__all"
2026-08-14 19:46:21 Run Id: ea7f5237-df7b-4781-82d1-e4f7a8898a61
2026-08-14 19:46:21 Referenced SDF-ID: b7a2474d-c167-426a-9445-3c6c14baf7c1 Type: DNA Sequences: 1 Max-Length: 4641652 Min-Length: 4641652 Arm: UNKNOWN
2026-08-14 19:46:21 Variant orientors per pass: [unphased (2 haplotypes):unphased (2 haplotypes)]
2026-08-14 19:46:22 Reference ecoli baseline contains 6000 variants.
2026-08-14 19:46:22 Reference ecoli calls contains 5946 variants.
2026-08-14 19:46:22 Reference ecoli had maximum path complexity of 13 at ecoli:4076465-4076724
2026-08-14 19:46:22 Representation bias correction factor for SNP 4930/4929.0 = 1.0002028809089065
2026-08-14 19:46:22 Representation bias correction factor for NON_SNP 982/983.0 = 0.9989827060020345
2026-08-14 19:46:22 Selected score threshold using: maximized F-measure
2026-08-14 19:46:22 Threshold  True-pos-baseline  True-pos-call  False-pos  False-neg  Precision  Sensitivity  F-measure
----------------------------------------------------------------------------------------------------
   18.843               5909           5908         19         91     0.9968       0.9848     0.9908
     None               5912           5911         35         88     0.9941       0.9853     0.9897

2026-08-14 19:46:22 Finished successfully in 0 s.
