2026-08-14 21:39:01 serial = 27182818284
2026-08-14 21:39:01 email = anon
2026-08-14 21:39:01 RTG version = RTG Tools 3.13 / Core c27844a5bb (2025-05-27)
2026-08-14 21:39:01 apple.awt.application.name = RtgTools
2026-08-14 21:39:01 file.encoding = UTF-8
2026-08-14 21:39:01 file.separator = /
2026-08-14 21:39:01 ftp.nonProxyHosts = local|*.local|169.254/16|*.169.254/16
2026-08-14 21:39:01 host.name = Rashwanths-MacBook-Pro.local
2026-08-14 21:39:01 http.nonProxyHosts = local|*.local|169.254/16|*.169.254/16
2026-08-14 21:39:01 java.class.path = /Users/rash/Documents/Files/Self/College/Semester 7/DNA/project/itr1/tools/rtg-tools-3.13/RTG.jar
2026-08-14 21:39:01 java.class.version = 67.0
2026-08-14 21:39:01 java.home = /Library/Java/JavaVirtualMachines/jdk-23.jdk/Contents/Home
2026-08-14 21:39:01 java.io.tmpdir = /var/folders/hf/lgxr763d0dx9wh5gzjxr233m0000gn/T/
2026-08-14 21:39:01 java.library.path = /Users/rash/Documents/Files/Self/College/Semester 7/DNA/project/itr1/tools/rtg-tools-3.13
2026-08-14 21:39:01 java.runtime.name = Java(TM) SE Runtime Environment
2026-08-14 21:39:01 java.runtime.version = 23.0.2+7-58
2026-08-14 21:39:01 java.specification.name = Java Platform API Specification
2026-08-14 21:39:01 java.specification.vendor = Oracle Corporation
2026-08-14 21:39:01 java.specification.version = 23
2026-08-14 21:39:01 java.vendor = Oracle Corporation
2026-08-14 21:39:01 java.vendor.url = https://java.oracle.com/
2026-08-14 21:39:01 java.vendor.url.bug = https://bugreport.java.com/bugreport/
2026-08-14 21:39:01 java.version = 23.0.2
2026-08-14 21:39:01 java.version.date = 2025-01-21
2026-08-14 21:39:01 java.vm.compressedOopsMode = Non-zero disjoint base
2026-08-14 21:39:01 java.vm.info = mixed mode, sharing
2026-08-14 21:39:01 java.vm.name = Java HotSpot(TM) 64-Bit Server VM
2026-08-14 21:39:01 java.vm.specification.name = Java Virtual Machine Specification
2026-08-14 21:39:01 java.vm.specification.vendor = Oracle Corporation
2026-08-14 21:39:01 java.vm.specification.version = 23
2026-08-14 21:39:01 java.vm.vendor = Oracle Corporation
2026-08-14 21:39:01 java.vm.version = 23.0.2+7-58
2026-08-14 21:39:01 jdk.debug = release
2026-08-14 21:39:01 lang.version = 23.0.2
2026-08-14 21:39:01 line.separator = 

2026-08-14 21:39:01 models.dir = /Users/rash/Documents/Files/Self/College/Semester 7/DNA/project/itr1/tools/rtg-tools-3.13/models
2026-08-14 21:39:01 nashorn.option.no.deprecation.warning = true
2026-08-14 21:39:01 native.encoding = UTF-8
2026-08-14 21:39:01 os.arch = aarch64
2026-08-14 21:39:01 os.freememory = 6488555520
2026-08-14 21:39:01 os.name = Mac OS X
2026-08-14 21:39:01 os.totalmemory = 25769803776
2026-08-14 21:39:01 os.version = 26.6.1
2026-08-14 21:39:01 path.separator = :
2026-08-14 21:39:01 polyglot.js.nashorn-compat = true
2026-08-14 21:39:01 processor.arch = aarch64
2026-08-14 21:39:01 processor.count = 10
2026-08-14 21:39:01 references.dir = /Users/rash/Documents/Files/Self/College/Semester 7/DNA/project/itr1/tools/rtg-tools-3.13/references
2026-08-14 21:39:01 runtime.freememory = 406126504
2026-08-14 21:39:01 runtime.maxmemory = 23202889728
2026-08-14 21:39:01 runtime.totalMemory = 419430400
2026-08-14 21:39:01 socksNonProxyHosts = local|*.local|169.254/16|*.169.254/16
2026-08-14 21:39:01 stderr.encoding = UTF-8
2026-08-14 21:39:01 stdout.encoding = UTF-8
2026-08-14 21:39:01 sun.arch.data.model = 64
2026-08-14 21:39:01 sun.boot.library.path = /Library/Java/JavaVirtualMachines/jdk-23.jdk/Contents/Home/lib
2026-08-14 21:39:01 sun.cpu.endian = little
2026-08-14 21:39:01 sun.io.unicode.encoding = UnicodeBig
2026-08-14 21:39:01 sun.java.command = /Users/rash/Documents/Files/Self/College/Semester 7/DNA/project/itr1/tools/rtg-tools-3.13/RTG.jar vcfeval -b work/norm/ecoli.truth.snps.vcf.gz -c work/norm/ecoli_cov30_len150_err0_seed1.minimap2.gatk.raw.snps.vcf.gz -t data/refs/ecoli.sdf -e data/truth/ecoli.confident.bed --vcf-score-field=QUAL -o results/vcfeval/ecoli_cov30_len150_err0_seed1__minimap2__gatk__raw__snps
2026-08-14 21:39:01 sun.java.launcher = SUN_STANDARD
2026-08-14 21:39:01 sun.jnu.encoding = UTF-8
2026-08-14 21:39:01 sun.management.compiler = HotSpot 64-Bit Tiered Compilers
2026-08-14 21:39:01 talkback = false
2026-08-14 21:39:01 usage = false
2026-08-14 21:39:01 user.country = US
2026-08-14 21:39:01 user.dir = /Users/rash/Documents/Files/Self/College/Semester 7/DNA/project/itr1
2026-08-14 21:39:01 user.home = /Users/rash
2026-08-14 21:39:01 user.language = en
2026-08-14 21:39:01 user.name = rash
2026-08-14 21:39:01 user.timezone = Asia/Kolkata
2026-08-14 21:39:01 vendor = Oracle Corporation
2026-08-14 21:39:01 gzipfix.enabled = false
2026-08-14 21:39:01 Command line arguments: rtg vcfeval -b work/norm/ecoli.truth.snps.vcf.gz -c work/norm/ecoli_cov30_len150_err0_seed1.minimap2.gatk.raw.snps.vcf.gz -t data/refs/ecoli.sdf -e data/truth/ecoli.confident.bed --vcf-score-field=QUAL -o results/vcfeval/ecoli_cov30_len150_err0_seed1__minimap2__gatk__raw__snps
2026-08-14 21:39:01 Run Id: a98d093b-620a-4844-8e78-cafdc3f8ea1f
2026-08-14 21:39:01 Referenced SDF-ID: b7a2474d-c167-426a-9445-3c6c14baf7c1 Type: DNA Sequences: 1 Max-Length: 4641652 Min-Length: 4641652 Arm: UNKNOWN
2026-08-14 21:39:01 Variant orientors per pass: [unphased (2 haplotypes):unphased (2 haplotypes)]
2026-08-14 21:39:01 Reference ecoli baseline contains 5000 variants.
2026-08-14 21:39:01 Reference ecoli calls contains 4943 variants.
2026-08-14 21:39:01 Reference ecoli had maximum path complexity of 4 at ecoli:3130851-3131041
2026-08-14 21:39:01 Representation bias correction factor for SNP 4941/4941.0 = 1.0
2026-08-14 21:39:02 Representation bias correction factor for NON_SNP 0/0.0 = 1.0
2026-08-14 21:39:02 Selected score threshold using: maximized F-measure
2026-08-14 21:39:02 Threshold  True-pos-baseline  True-pos-call  False-pos  False-neg  Precision  Sensitivity  F-measure
----------------------------------------------------------------------------------------------------
   78.040               4941           4941          2         59     0.9996       0.9882     0.9939
     None               4941           4941          2         59     0.9996       0.9882     0.9939

2026-08-14 21:39:02 Finished successfully in 0 s.
