2026-08-14 19:46:14 serial = 27182818284
2026-08-14 19:46:14 email = anon
2026-08-14 19:46:14 RTG version = RTG Tools 3.13 / Core c27844a5bb (2025-05-27)
2026-08-14 19:46:14 apple.awt.application.name = RtgTools
2026-08-14 19:46:14 file.encoding = UTF-8
2026-08-14 19:46:14 file.separator = /
2026-08-14 19:46:14 ftp.nonProxyHosts = local|*.local|169.254/16|*.169.254/16
2026-08-14 19:46:14 host.name = Rashwanths-MacBook-Pro.local
2026-08-14 19:46:14 http.nonProxyHosts = local|*.local|169.254/16|*.169.254/16
2026-08-14 19:46:14 java.class.path = /Users/rash/Documents/Files/Self/College/Semester 7/DNA/project/itr1/tools/rtg-tools-3.13/RTG.jar
2026-08-14 19:46:14 java.class.version = 67.0
2026-08-14 19:46:14 java.home = /Library/Java/JavaVirtualMachines/jdk-23.jdk/Contents/Home
2026-08-14 19:46:14 java.io.tmpdir = /var/folders/hf/lgxr763d0dx9wh5gzjxr233m0000gn/T/
2026-08-14 19:46:14 java.library.path = /Users/rash/Documents/Files/Self/College/Semester 7/DNA/project/itr1/tools/rtg-tools-3.13
2026-08-14 19:46:14 java.runtime.name = Java(TM) SE Runtime Environment
2026-08-14 19:46:14 java.runtime.version = 23.0.2+7-58
2026-08-14 19:46:14 java.specification.name = Java Platform API Specification
2026-08-14 19:46:14 java.specification.vendor = Oracle Corporation
2026-08-14 19:46:14 java.specification.version = 23
2026-08-14 19:46:14 java.vendor = Oracle Corporation
2026-08-14 19:46:14 java.vendor.url = https://java.oracle.com/
2026-08-14 19:46:14 java.vendor.url.bug = https://bugreport.java.com/bugreport/
2026-08-14 19:46:14 java.version = 23.0.2
2026-08-14 19:46:14 java.version.date = 2025-01-21
2026-08-14 19:46:14 java.vm.compressedOopsMode = Non-zero disjoint base
2026-08-14 19:46:14 java.vm.info = mixed mode, sharing
2026-08-14 19:46:14 java.vm.name = Java HotSpot(TM) 64-Bit Server VM
2026-08-14 19:46:14 java.vm.specification.name = Java Virtual Machine Specification
2026-08-14 19:46:14 java.vm.specification.vendor = Oracle Corporation
2026-08-14 19:46:14 java.vm.specification.version = 23
2026-08-14 19:46:14 java.vm.vendor = Oracle Corporation
2026-08-14 19:46:14 java.vm.version = 23.0.2+7-58
2026-08-14 19:46:14 jdk.debug = release
2026-08-14 19:46:14 lang.version = 23.0.2
2026-08-14 19:46:14 line.separator = 

2026-08-14 19:46:14 models.dir = /Users/rash/Documents/Files/Self/College/Semester 7/DNA/project/itr1/tools/rtg-tools-3.13/models
2026-08-14 19:46:14 nashorn.option.no.deprecation.warning = true
2026-08-14 19:46:14 native.encoding = UTF-8
2026-08-14 19:46:14 os.arch = aarch64
2026-08-14 19:46:14 os.freememory = 550043648
2026-08-14 19:46:14 os.name = Mac OS X
2026-08-14 19:46:14 os.totalmemory = 25769803776
2026-08-14 19:46:14 os.version = 26.6.1
2026-08-14 19:46:14 path.separator = :
2026-08-14 19:46:14 polyglot.js.nashorn-compat = true
2026-08-14 19:46:14 processor.arch = aarch64
2026-08-14 19:46:14 processor.count = 10
2026-08-14 19:46:14 references.dir = /Users/rash/Documents/Files/Self/College/Semester 7/DNA/project/itr1/tools/rtg-tools-3.13/references
2026-08-14 19:46:14 runtime.freememory = 406258960
2026-08-14 19:46:14 runtime.maxmemory = 23202889728
2026-08-14 19:46:14 runtime.totalMemory = 419430400
2026-08-14 19:46:14 socksNonProxyHosts = local|*.local|169.254/16|*.169.254/16
2026-08-14 19:46:14 stderr.encoding = UTF-8
2026-08-14 19:46:14 stdout.encoding = UTF-8
2026-08-14 19:46:14 sun.arch.data.model = 64
2026-08-14 19:46:14 sun.boot.library.path = /Library/Java/JavaVirtualMachines/jdk-23.jdk/Contents/Home/lib
2026-08-14 19:46:14 sun.cpu.endian = little
2026-08-14 19:46:14 sun.io.unicode.encoding = UnicodeBig
2026-08-14 19:46:14 sun.java.command = /Users/rash/Documents/Files/Self/College/Semester 7/DNA/project/itr1/tools/rtg-tools-3.13/RTG.jar vcfeval -b /Users/rash/Documents/Files/Self/College/Semester 7/DNA/project/itr1/data/truth/ecoli.truth.vcf.gz -c /Users/rash/Documents/Files/Self/College/Semester 7/DNA/project/itr1/work/norm/ecoli_cov30_len150_err0_seed1.bowtie2.gatk.raw.norm.vcf.gz -t /Users/rash/Documents/Files/Self/College/Semester 7/DNA/project/itr1/data/refs/ecoli.sdf -e /Users/rash/Documents/Files/Self/College/Semester 7/DNA/project/itr1/data/truth/ecoli.confident.bed --vcf-score-field=QUAL -o /Users/rash/Documents/Files/Self/College/Semester 7/DNA/project/itr1/results/vcfeval/ecoli_cov30_len150_err0_seed1__bowtie2__gatk__raw__all
2026-08-14 19:46:14 sun.java.launcher = SUN_STANDARD
2026-08-14 19:46:14 sun.jnu.encoding = UTF-8
2026-08-14 19:46:14 sun.management.compiler = HotSpot 64-Bit Tiered Compilers
2026-08-14 19:46:14 talkback = false
2026-08-14 19:46:14 usage = false
2026-08-14 19:46:14 user.country = US
2026-08-14 19:46:14 user.dir = /Users/rash/Documents/Files/Self/College/Semester 7/DNA/project/itr1
2026-08-14 19:46:14 user.home = /Users/rash
2026-08-14 19:46:14 user.language = en
2026-08-14 19:46:14 user.name = rash
2026-08-14 19:46:14 user.timezone = Asia/Kolkata
2026-08-14 19:46:14 vendor = Oracle Corporation
2026-08-14 19:46:14 gzipfix.enabled = false
2026-08-14 19:46:14 Command line arguments: rtg vcfeval -b "/Users/rash/Documents/Files/Self/College/Semester 7/DNA/project/itr1/data/truth/ecoli.truth.vcf.gz" -c "/Users/rash/Documents/Files/Self/College/Semester 7/DNA/project/itr1/work/norm/ecoli_cov30_len150_err0_seed1.bowtie2.gatk.raw.norm.vcf.gz" -t "/Users/rash/Documents/Files/Self/College/Semester 7/DNA/project/itr1/data/refs/ecoli.sdf" -e "/Users/rash/Documents/Files/Self/College/Semester 7/DNA/project/itr1/data/truth/ecoli.confident.bed" --vcf-score-field=QUAL -o "/Users/rash/Documents/Files/Self/College/Semester 7/DNA/project/itr1/results/vcfeval/ecoli_cov30_len150_err0_seed1__bowtie2__gatk__raw__all"
2026-08-14 19:46:14 Run Id: 4dc93ca8-61ec-46db-a4c9-b6c7de4496ea
2026-08-14 19:46:14 Referenced SDF-ID: b7a2474d-c167-426a-9445-3c6c14baf7c1 Type: DNA Sequences: 1 Max-Length: 4641652 Min-Length: 4641652 Arm: UNKNOWN
2026-08-14 19:46:14 Variant orientors per pass: [unphased (2 haplotypes):unphased (2 haplotypes)]
2026-08-14 19:46:14 Reference ecoli baseline contains 6000 variants.
2026-08-14 19:46:14 Reference ecoli calls contains 5896 variants.
2026-08-14 19:46:14 Reference ecoli had maximum path complexity of 9 at ecoli:4076465-4076724
2026-08-14 19:46:14 Representation bias correction factor for SNP 4910/4908.0 = 1.0004074979625102
2026-08-14 19:46:15 Representation bias correction factor for NON_SNP 987/989.0 = 0.9979777553083923
2026-08-14 19:46:15 Selected score threshold using: maximized F-measure
2026-08-14 19:46:15 Threshold  True-pos-baseline  True-pos-call  False-pos  False-neg  Precision  Sensitivity  F-measure
----------------------------------------------------------------------------------------------------
   41.040               5897           5896          0        103     1.0000       0.9828     0.9913
     None               5897           5896          0        103     1.0000       0.9828     0.9913

2026-08-14 19:46:15 Finished successfully in 0 s.
