2026-08-14 22:22:39 serial = 27182818284
2026-08-14 22:22:39 email = anon
2026-08-14 22:22:39 RTG version = RTG Tools 3.13 / Core c27844a5bb (2025-05-27)
2026-08-14 22:22:39 apple.awt.application.name = RtgTools
2026-08-14 22:22:39 file.encoding = UTF-8
2026-08-14 22:22:39 file.separator = /
2026-08-14 22:22:39 ftp.nonProxyHosts = local|*.local|169.254/16|*.169.254/16
2026-08-14 22:22:39 host.name = Rashwanths-MacBook-Pro.local
2026-08-14 22:22:39 http.nonProxyHosts = local|*.local|169.254/16|*.169.254/16
2026-08-14 22:22:39 java.class.path = /Users/rash/Documents/Files/Self/College/Semester 7/DNA/project/itr1/tools/rtg-tools-3.13/RTG.jar
2026-08-14 22:22:39 java.class.version = 67.0
2026-08-14 22:22:39 java.home = /Library/Java/JavaVirtualMachines/jdk-23.jdk/Contents/Home
2026-08-14 22:22:39 java.io.tmpdir = /var/folders/hf/lgxr763d0dx9wh5gzjxr233m0000gn/T/
2026-08-14 22:22:39 java.library.path = /Users/rash/Documents/Files/Self/College/Semester 7/DNA/project/itr1/tools/rtg-tools-3.13
2026-08-14 22:22:39 java.runtime.name = Java(TM) SE Runtime Environment
2026-08-14 22:22:39 java.runtime.version = 23.0.2+7-58
2026-08-14 22:22:39 java.specification.name = Java Platform API Specification
2026-08-14 22:22:39 java.specification.vendor = Oracle Corporation
2026-08-14 22:22:39 java.specification.version = 23
2026-08-14 22:22:39 java.vendor = Oracle Corporation
2026-08-14 22:22:39 java.vendor.url = https://java.oracle.com/
2026-08-14 22:22:39 java.vendor.url.bug = https://bugreport.java.com/bugreport/
2026-08-14 22:22:39 java.version = 23.0.2
2026-08-14 22:22:39 java.version.date = 2025-01-21
2026-08-14 22:22:39 java.vm.compressedOopsMode = Non-zero disjoint base
2026-08-14 22:22:39 java.vm.info = mixed mode, sharing
2026-08-14 22:22:39 java.vm.name = Java HotSpot(TM) 64-Bit Server VM
2026-08-14 22:22:39 java.vm.specification.name = Java Virtual Machine Specification
2026-08-14 22:22:39 java.vm.specification.vendor = Oracle Corporation
2026-08-14 22:22:39 java.vm.specification.version = 23
2026-08-14 22:22:39 java.vm.vendor = Oracle Corporation
2026-08-14 22:22:39 java.vm.version = 23.0.2+7-58
2026-08-14 22:22:39 jdk.debug = release
2026-08-14 22:22:39 lang.version = 23.0.2
2026-08-14 22:22:39 line.separator = 

2026-08-14 22:22:39 models.dir = /Users/rash/Documents/Files/Self/College/Semester 7/DNA/project/itr1/tools/rtg-tools-3.13/models
2026-08-14 22:22:39 nashorn.option.no.deprecation.warning = true
2026-08-14 22:22:39 native.encoding = UTF-8
2026-08-14 22:22:39 os.arch = aarch64
2026-08-14 22:22:39 os.freememory = 3586031616
2026-08-14 22:22:39 os.name = Mac OS X
2026-08-14 22:22:39 os.totalmemory = 25769803776
2026-08-14 22:22:39 os.version = 26.6.1
2026-08-14 22:22:39 path.separator = :
2026-08-14 22:22:39 polyglot.js.nashorn-compat = true
2026-08-14 22:22:39 processor.arch = aarch64
2026-08-14 22:22:39 processor.count = 10
2026-08-14 22:22:39 references.dir = /Users/rash/Documents/Files/Self/College/Semester 7/DNA/project/itr1/tools/rtg-tools-3.13/references
2026-08-14 22:22:39 runtime.freememory = 406126456
2026-08-14 22:22:39 runtime.maxmemory = 23202889728
2026-08-14 22:22:39 runtime.totalMemory = 419430400
2026-08-14 22:22:39 socksNonProxyHosts = local|*.local|169.254/16|*.169.254/16
2026-08-14 22:22:39 stderr.encoding = UTF-8
2026-08-14 22:22:39 stdout.encoding = UTF-8
2026-08-14 22:22:39 sun.arch.data.model = 64
2026-08-14 22:22:39 sun.boot.library.path = /Library/Java/JavaVirtualMachines/jdk-23.jdk/Contents/Home/lib
2026-08-14 22:22:39 sun.cpu.endian = little
2026-08-14 22:22:39 sun.io.unicode.encoding = UnicodeBig
2026-08-14 22:22:39 sun.java.command = /Users/rash/Documents/Files/Self/College/Semester 7/DNA/project/itr1/tools/rtg-tools-3.13/RTG.jar vcfeval -b data/truth/ecoli.truth.vcf.gz -c work/norm/ecoli_cov30_len150_err0_seed1.minimap2.bcftools.raw.norm.vcf.gz -t data/refs/ecoli.sdf -e data/truth/ecoli.confident.bed --vcf-score-field=QUAL -o results/vcfeval/ecoli_cov30_len150_err0_seed1__minimap2__bcftools__raw__all
2026-08-14 22:22:39 sun.java.launcher = SUN_STANDARD
2026-08-14 22:22:39 sun.jnu.encoding = UTF-8
2026-08-14 22:22:39 sun.management.compiler = HotSpot 64-Bit Tiered Compilers
2026-08-14 22:22:39 talkback = false
2026-08-14 22:22:39 usage = false
2026-08-14 22:22:39 user.country = US
2026-08-14 22:22:39 user.dir = /Users/rash/Documents/Files/Self/College/Semester 7/DNA/project/itr1
2026-08-14 22:22:39 user.home = /Users/rash
2026-08-14 22:22:39 user.language = en
2026-08-14 22:22:39 user.name = rash
2026-08-14 22:22:39 user.timezone = Asia/Kolkata
2026-08-14 22:22:39 vendor = Oracle Corporation
2026-08-14 22:22:39 gzipfix.enabled = false
2026-08-14 22:22:39 Command line arguments: rtg vcfeval -b data/truth/ecoli.truth.vcf.gz -c work/norm/ecoli_cov30_len150_err0_seed1.minimap2.bcftools.raw.norm.vcf.gz -t data/refs/ecoli.sdf -e data/truth/ecoli.confident.bed --vcf-score-field=QUAL -o results/vcfeval/ecoli_cov30_len150_err0_seed1__minimap2__bcftools__raw__all
2026-08-14 22:22:39 Run Id: 90a7ebef-6a19-4a42-b006-6b47f2cdda7a
2026-08-14 22:22:40 Referenced SDF-ID: b7a2474d-c167-426a-9445-3c6c14baf7c1 Type: DNA Sequences: 1 Max-Length: 4641652 Min-Length: 4641652 Arm: UNKNOWN
2026-08-14 22:22:40 Variant orientors per pass: [unphased (2 haplotypes):unphased (2 haplotypes)]
2026-08-14 22:22:40 Reference ecoli baseline contains 6000 variants.
2026-08-14 22:22:40 Reference ecoli calls contains 5944 variants.
2026-08-14 22:22:40 Reference ecoli had maximum path complexity of 9 at ecoli:4076465-4076724
2026-08-14 22:22:40 Representation bias correction factor for SNP 4948/4946.0 = 1.0004043671653862
2026-08-14 22:22:40 Representation bias correction factor for NON_SNP 994/996.0 = 0.9979919678714859
2026-08-14 22:22:40 Selected score threshold using: maximized F-measure
2026-08-14 22:22:40 Threshold  True-pos-baseline  True-pos-call  False-pos  False-neg  Precision  Sensitivity  F-measure
----------------------------------------------------------------------------------------------------
    8.812               5942           5940          2         58     0.9997       0.9903     0.9950
     None               5942           5940          4         58     0.9993       0.9903     0.9948

2026-08-14 22:22:41 Finished successfully in 1 s.
