2026-08-14 21:37:34 serial = 27182818284
2026-08-14 21:37:34 email = anon
2026-08-14 21:37:34 RTG version = RTG Tools 3.13 / Core c27844a5bb (2025-05-27)
2026-08-14 21:37:34 apple.awt.application.name = RtgTools
2026-08-14 21:37:34 file.encoding = UTF-8
2026-08-14 21:37:34 file.separator = /
2026-08-14 21:37:34 ftp.nonProxyHosts = local|*.local|169.254/16|*.169.254/16
2026-08-14 21:37:34 host.name = Rashwanths-MacBook-Pro.local
2026-08-14 21:37:34 http.nonProxyHosts = local|*.local|169.254/16|*.169.254/16
2026-08-14 21:37:34 java.class.path = /Users/rash/Documents/Files/Self/College/Semester 7/DNA/project/itr1/tools/rtg-tools-3.13/RTG.jar
2026-08-14 21:37:34 java.class.version = 67.0
2026-08-14 21:37:34 java.home = /Library/Java/JavaVirtualMachines/jdk-23.jdk/Contents/Home
2026-08-14 21:37:34 java.io.tmpdir = /var/folders/hf/lgxr763d0dx9wh5gzjxr233m0000gn/T/
2026-08-14 21:37:34 java.library.path = /Users/rash/Documents/Files/Self/College/Semester 7/DNA/project/itr1/tools/rtg-tools-3.13
2026-08-14 21:37:34 java.runtime.name = Java(TM) SE Runtime Environment
2026-08-14 21:37:34 java.runtime.version = 23.0.2+7-58
2026-08-14 21:37:34 java.specification.name = Java Platform API Specification
2026-08-14 21:37:34 java.specification.vendor = Oracle Corporation
2026-08-14 21:37:34 java.specification.version = 23
2026-08-14 21:37:34 java.vendor = Oracle Corporation
2026-08-14 21:37:34 java.vendor.url = https://java.oracle.com/
2026-08-14 21:37:34 java.vendor.url.bug = https://bugreport.java.com/bugreport/
2026-08-14 21:37:34 java.version = 23.0.2
2026-08-14 21:37:34 java.version.date = 2025-01-21
2026-08-14 21:37:34 java.vm.compressedOopsMode = Non-zero disjoint base
2026-08-14 21:37:34 java.vm.info = mixed mode, sharing
2026-08-14 21:37:34 java.vm.name = Java HotSpot(TM) 64-Bit Server VM
2026-08-14 21:37:34 java.vm.specification.name = Java Virtual Machine Specification
2026-08-14 21:37:34 java.vm.specification.vendor = Oracle Corporation
2026-08-14 21:37:34 java.vm.specification.version = 23
2026-08-14 21:37:34 java.vm.vendor = Oracle Corporation
2026-08-14 21:37:34 java.vm.version = 23.0.2+7-58
2026-08-14 21:37:34 jdk.debug = release
2026-08-14 21:37:34 lang.version = 23.0.2
2026-08-14 21:37:34 line.separator = 

2026-08-14 21:37:34 models.dir = /Users/rash/Documents/Files/Self/College/Semester 7/DNA/project/itr1/tools/rtg-tools-3.13/models
2026-08-14 21:37:34 nashorn.option.no.deprecation.warning = true
2026-08-14 21:37:34 native.encoding = UTF-8
2026-08-14 21:37:34 os.arch = aarch64
2026-08-14 21:37:34 os.freememory = 2106703872
2026-08-14 21:37:34 os.name = Mac OS X
2026-08-14 21:37:34 os.totalmemory = 25769803776
2026-08-14 21:37:34 os.version = 26.6.1
2026-08-14 21:37:34 path.separator = :
2026-08-14 21:37:34 polyglot.js.nashorn-compat = true
2026-08-14 21:37:34 processor.arch = aarch64
2026-08-14 21:37:34 processor.count = 10
2026-08-14 21:37:34 references.dir = /Users/rash/Documents/Files/Self/College/Semester 7/DNA/project/itr1/tools/rtg-tools-3.13/references
2026-08-14 21:37:34 runtime.freememory = 406130472
2026-08-14 21:37:34 runtime.maxmemory = 23202889728
2026-08-14 21:37:34 runtime.totalMemory = 419430400
2026-08-14 21:37:34 socksNonProxyHosts = local|*.local|169.254/16|*.169.254/16
2026-08-14 21:37:34 stderr.encoding = UTF-8
2026-08-14 21:37:34 stdout.encoding = UTF-8
2026-08-14 21:37:34 sun.arch.data.model = 64
2026-08-14 21:37:34 sun.boot.library.path = /Library/Java/JavaVirtualMachines/jdk-23.jdk/Contents/Home/lib
2026-08-14 21:37:34 sun.cpu.endian = little
2026-08-14 21:37:34 sun.io.unicode.encoding = UnicodeBig
2026-08-14 21:37:34 sun.java.command = /Users/rash/Documents/Files/Self/College/Semester 7/DNA/project/itr1/tools/rtg-tools-3.13/RTG.jar vcfeval -b work/norm/phiX.truth.indels.vcf.gz -c work/norm/phiX_cov30_len150_err0_seed1.bwa.bcftools.raw.indels.vcf.gz -t data/refs/phiX.sdf -e data/truth/phiX.confident.bed --vcf-score-field=QUAL -o results/vcfeval/phiX_cov30_len150_err0_seed1__bwa__bcftools__raw__indels
2026-08-14 21:37:34 sun.java.launcher = SUN_STANDARD
2026-08-14 21:37:34 sun.jnu.encoding = UTF-8
2026-08-14 21:37:34 sun.management.compiler = HotSpot 64-Bit Tiered Compilers
2026-08-14 21:37:34 talkback = false
2026-08-14 21:37:34 usage = false
2026-08-14 21:37:34 user.country = US
2026-08-14 21:37:34 user.dir = /Users/rash/Documents/Files/Self/College/Semester 7/DNA/project/itr1
2026-08-14 21:37:34 user.home = /Users/rash
2026-08-14 21:37:34 user.language = en
2026-08-14 21:37:34 user.name = rash
2026-08-14 21:37:34 user.timezone = Asia/Kolkata
2026-08-14 21:37:34 vendor = Oracle Corporation
2026-08-14 21:37:34 gzipfix.enabled = false
2026-08-14 21:37:34 Command line arguments: rtg vcfeval -b work/norm/phiX.truth.indels.vcf.gz -c work/norm/phiX_cov30_len150_err0_seed1.bwa.bcftools.raw.indels.vcf.gz -t data/refs/phiX.sdf -e data/truth/phiX.confident.bed --vcf-score-field=QUAL -o results/vcfeval/phiX_cov30_len150_err0_seed1__bwa__bcftools__raw__indels
2026-08-14 21:37:34 Run Id: 1505bf5a-0ed7-43be-b767-51aca1a9dee4
2026-08-14 21:37:34 Referenced SDF-ID: d1f9ed9f-c537-46cf-b79f-60e3f3797462 Type: DNA Sequences: 1 Max-Length: 5386 Min-Length: 5386 Arm: UNKNOWN
2026-08-14 21:37:34 Variant orientors per pass: [unphased (2 haplotypes):unphased (2 haplotypes)]
2026-08-14 21:37:34 Reference phiX baseline contains 10 variants.
2026-08-14 21:37:34 Reference phiX calls contains 10 variants.
2026-08-14 21:37:34 Reference phiX had maximum path complexity of 4 at phiX:469-581
2026-08-14 21:37:35 Representation bias correction factor for SNP 0/0.0 = 1.0
2026-08-14 21:37:35 Representation bias correction factor for NON_SNP 10/10.0 = 1.0
2026-08-14 21:37:35 Selected score threshold using: maximized F-measure
2026-08-14 21:37:35 Threshold  True-pos-baseline  True-pos-call  False-pos  False-neg  Precision  Sensitivity  F-measure
----------------------------------------------------------------------------------------------------
  195.416                 10             10          0          0     1.0000       1.0000     1.0000
     None                 10             10          0          0     1.0000       1.0000     1.0000

2026-08-14 21:37:35 Finished successfully in 0 s.
