2026-08-14 19:43:37 serial = 27182818284
2026-08-14 19:43:37 email = anon
2026-08-14 19:43:37 RTG version = RTG Tools 3.13 / Core c27844a5bb (2025-05-27)
2026-08-14 19:43:37 apple.awt.application.name = RtgTools
2026-08-14 19:43:37 file.encoding = UTF-8
2026-08-14 19:43:37 file.separator = /
2026-08-14 19:43:37 ftp.nonProxyHosts = local|*.local|169.254/16|*.169.254/16
2026-08-14 19:43:37 host.name = Rashwanths-MacBook-Pro.local
2026-08-14 19:43:37 http.nonProxyHosts = local|*.local|169.254/16|*.169.254/16
2026-08-14 19:43:37 java.class.path = /Users/rash/Documents/Files/Self/College/Semester 7/DNA/project/itr1/tools/rtg-tools-3.13/RTG.jar
2026-08-14 19:43:37 java.class.version = 67.0
2026-08-14 19:43:37 java.home = /Library/Java/JavaVirtualMachines/jdk-23.jdk/Contents/Home
2026-08-14 19:43:37 java.io.tmpdir = /var/folders/hf/lgxr763d0dx9wh5gzjxr233m0000gn/T/
2026-08-14 19:43:37 java.library.path = /Users/rash/Documents/Files/Self/College/Semester 7/DNA/project/itr1/tools/rtg-tools-3.13
2026-08-14 19:43:37 java.runtime.name = Java(TM) SE Runtime Environment
2026-08-14 19:43:37 java.runtime.version = 23.0.2+7-58
2026-08-14 19:43:37 java.specification.name = Java Platform API Specification
2026-08-14 19:43:37 java.specification.vendor = Oracle Corporation
2026-08-14 19:43:37 java.specification.version = 23
2026-08-14 19:43:37 java.vendor = Oracle Corporation
2026-08-14 19:43:37 java.vendor.url = https://java.oracle.com/
2026-08-14 19:43:37 java.vendor.url.bug = https://bugreport.java.com/bugreport/
2026-08-14 19:43:37 java.version = 23.0.2
2026-08-14 19:43:37 java.version.date = 2025-01-21
2026-08-14 19:43:37 java.vm.compressedOopsMode = Non-zero disjoint base
2026-08-14 19:43:37 java.vm.info = mixed mode, sharing
2026-08-14 19:43:37 java.vm.name = Java HotSpot(TM) 64-Bit Server VM
2026-08-14 19:43:37 java.vm.specification.name = Java Virtual Machine Specification
2026-08-14 19:43:37 java.vm.specification.vendor = Oracle Corporation
2026-08-14 19:43:37 java.vm.specification.version = 23
2026-08-14 19:43:37 java.vm.vendor = Oracle Corporation
2026-08-14 19:43:37 java.vm.version = 23.0.2+7-58
2026-08-14 19:43:37 jdk.debug = release
2026-08-14 19:43:37 lang.version = 23.0.2
2026-08-14 19:43:37 line.separator = 

2026-08-14 19:43:37 models.dir = /Users/rash/Documents/Files/Self/College/Semester 7/DNA/project/itr1/tools/rtg-tools-3.13/models
2026-08-14 19:43:37 nashorn.option.no.deprecation.warning = true
2026-08-14 19:43:37 native.encoding = UTF-8
2026-08-14 19:43:37 os.arch = aarch64
2026-08-14 19:43:37 os.freememory = 282558464
2026-08-14 19:43:37 os.name = Mac OS X
2026-08-14 19:43:37 os.totalmemory = 25769803776
2026-08-14 19:43:37 os.version = 26.6.1
2026-08-14 19:43:37 path.separator = :
2026-08-14 19:43:37 polyglot.js.nashorn-compat = true
2026-08-14 19:43:37 processor.arch = aarch64
2026-08-14 19:43:37 processor.count = 10
2026-08-14 19:43:37 references.dir = /Users/rash/Documents/Files/Self/College/Semester 7/DNA/project/itr1/tools/rtg-tools-3.13/references
2026-08-14 19:43:37 runtime.freememory = 406252808
2026-08-14 19:43:37 runtime.maxmemory = 23202889728
2026-08-14 19:43:37 runtime.totalMemory = 419430400
2026-08-14 19:43:37 socksNonProxyHosts = local|*.local|169.254/16|*.169.254/16
2026-08-14 19:43:37 stderr.encoding = UTF-8
2026-08-14 19:43:37 stdout.encoding = UTF-8
2026-08-14 19:43:37 sun.arch.data.model = 64
2026-08-14 19:43:37 sun.boot.library.path = /Library/Java/JavaVirtualMachines/jdk-23.jdk/Contents/Home/lib
2026-08-14 19:43:37 sun.cpu.endian = little
2026-08-14 19:43:37 sun.io.unicode.encoding = UnicodeBig
2026-08-14 19:43:37 sun.java.command = /Users/rash/Documents/Files/Self/College/Semester 7/DNA/project/itr1/tools/rtg-tools-3.13/RTG.jar vcfeval -b /Users/rash/Documents/Files/Self/College/Semester 7/DNA/project/itr1/work/norm/phiX.truth.indels.vcf.gz -c /Users/rash/Documents/Files/Self/College/Semester 7/DNA/project/itr1/work/norm/phiX_cov30_len150_err0_seed1.bowtie2.bcftools.raw.indels.vcf.gz -t /Users/rash/Documents/Files/Self/College/Semester 7/DNA/project/itr1/data/refs/phiX.sdf -e /Users/rash/Documents/Files/Self/College/Semester 7/DNA/project/itr1/data/truth/phiX.confident.bed --vcf-score-field=QUAL -o /Users/rash/Documents/Files/Self/College/Semester 7/DNA/project/itr1/results/vcfeval/phiX_cov30_len150_err0_seed1__bowtie2__bcftools__raw__indels
2026-08-14 19:43:37 sun.java.launcher = SUN_STANDARD
2026-08-14 19:43:37 sun.jnu.encoding = UTF-8
2026-08-14 19:43:37 sun.management.compiler = HotSpot 64-Bit Tiered Compilers
2026-08-14 19:43:37 talkback = false
2026-08-14 19:43:37 usage = false
2026-08-14 19:43:37 user.country = US
2026-08-14 19:43:37 user.dir = /Users/rash/Documents/Files/Self/College/Semester 7/DNA/project/itr1
2026-08-14 19:43:37 user.home = /Users/rash
2026-08-14 19:43:37 user.language = en
2026-08-14 19:43:37 user.name = rash
2026-08-14 19:43:37 user.timezone = Asia/Kolkata
2026-08-14 19:43:37 vendor = Oracle Corporation
2026-08-14 19:43:37 gzipfix.enabled = false
2026-08-14 19:43:37 Command line arguments: rtg vcfeval -b "/Users/rash/Documents/Files/Self/College/Semester 7/DNA/project/itr1/work/norm/phiX.truth.indels.vcf.gz" -c "/Users/rash/Documents/Files/Self/College/Semester 7/DNA/project/itr1/work/norm/phiX_cov30_len150_err0_seed1.bowtie2.bcftools.raw.indels.vcf.gz" -t "/Users/rash/Documents/Files/Self/College/Semester 7/DNA/project/itr1/data/refs/phiX.sdf" -e "/Users/rash/Documents/Files/Self/College/Semester 7/DNA/project/itr1/data/truth/phiX.confident.bed" --vcf-score-field=QUAL -o "/Users/rash/Documents/Files/Self/College/Semester 7/DNA/project/itr1/results/vcfeval/phiX_cov30_len150_err0_seed1__bowtie2__bcftools__raw__indels"
2026-08-14 19:43:37 Run Id: db42f2e3-0b81-4b02-8527-4c3ecea93249
2026-08-14 19:43:37 Referenced SDF-ID: d1f9ed9f-c537-46cf-b79f-60e3f3797462 Type: DNA Sequences: 1 Max-Length: 5386 Min-Length: 5386 Arm: UNKNOWN
2026-08-14 19:43:37 Variant orientors per pass: [unphased (2 haplotypes):unphased (2 haplotypes)]
2026-08-14 19:43:37 Reference phiX baseline contains 10 variants.
2026-08-14 19:43:37 Reference phiX calls contains 10 variants.
2026-08-14 19:43:37 Reference phiX had maximum path complexity of 4 at phiX:469-581
2026-08-14 19:43:37 Representation bias correction factor for SNP 0/0.0 = 1.0
2026-08-14 19:43:37 Representation bias correction factor for NON_SNP 10/10.0 = 1.0
2026-08-14 19:43:37 Selected score threshold using: maximized F-measure
2026-08-14 19:43:37 Threshold  True-pos-baseline  True-pos-call  False-pos  False-neg  Precision  Sensitivity  F-measure
----------------------------------------------------------------------------------------------------
  182.382                 10             10          0          0     1.0000       1.0000     1.0000
     None                 10             10          0          0     1.0000       1.0000     1.0000

2026-08-14 19:43:37 Finished successfully in 0 s.
