[M::bwa_idx_load_from_disk] read 0 ALT contigs
[M::process] read 266668 sequences (40000200 bp)...
[M::process] read 266668 sequences (40000200 bp)...
[M::mem_pestat] # candidate unique pairs for (FF, FR, RF, RR): (0, 129524, 0, 0)
[M::mem_pestat] skip orientation FF as there are not enough pairs
[M::mem_pestat] analyzing insert size distribution for orientation FR...
[M::mem_pestat] (25, 50, 75) percentile: (315, 348, 382)
[M::mem_pestat] low and high boundaries for computing mean and std.dev: (181, 516)
[M::mem_pestat] mean and std.dev: (348.34, 49.72)
[M::mem_pestat] low and high boundaries for proper pairs: (114, 583)
[M::mem_pestat] skip orientation RF as there are not enough pairs
[M::mem_pestat] skip orientation RR as there are not enough pairs
[M::mem_process_seqs] Processed 266668 reads in 8.244 CPU sec, 2.075 real sec
[M::process] read 266668 sequences (40000200 bp)...
[M::mem_pestat] # candidate unique pairs for (FF, FR, RF, RR): (0, 129390, 0, 0)
[M::mem_pestat] skip orientation FF as there are not enough pairs
[M::mem_pestat] analyzing insert size distribution for orientation FR...
[M::mem_pestat] (25, 50, 75) percentile: (315, 348, 382)
[M::mem_pestat] low and high boundaries for computing mean and std.dev: (181, 516)
[M::mem_pestat] mean and std.dev: (348.46, 49.88)
[M::mem_pestat] low and high boundaries for proper pairs: (114, 583)
[M::mem_pestat] skip orientation RF as there are not enough pairs
[M::mem_pestat] skip orientation RR as there are not enough pairs
[M::mem_process_seqs] Processed 266668 reads in 8.260 CPU sec, 2.021 real sec
[M::process] read 128346 sequences (19251900 bp)...
[M::mem_pestat] # candidate unique pairs for (FF, FR, RF, RR): (0, 129651, 0, 0)
[M::mem_pestat] skip orientation FF as there are not enough pairs
[M::mem_pestat] analyzing insert size distribution for orientation FR...
[M::mem_pestat] (25, 50, 75) percentile: (315, 349, 382)
[M::mem_pestat] low and high boundaries for computing mean and std.dev: (181, 516)
[M::mem_pestat] mean and std.dev: (348.42, 49.63)
[M::mem_pestat] low and high boundaries for proper pairs: (114, 583)
[M::mem_pestat] skip orientation RF as there are not enough pairs
[M::mem_pestat] skip orientation RR as there are not enough pairs
[M::mem_process_seqs] Processed 266668 reads in 8.191 CPU sec, 2.016 real sec
[M::mem_pestat] # candidate unique pairs for (FF, FR, RF, RR): (0, 62343, 0, 0)
[M::mem_pestat] skip orientation FF as there are not enough pairs
[M::mem_pestat] analyzing insert size distribution for orientation FR...
[M::mem_pestat] (25, 50, 75) percentile: (314, 348, 382)
[M::mem_pestat] low and high boundaries for computing mean and std.dev: (178, 518)
[M::mem_pestat] mean and std.dev: (348.19, 49.74)
[M::mem_pestat] low and high boundaries for proper pairs: (110, 586)
[M::mem_pestat] skip orientation RF as there are not enough pairs
[M::mem_pestat] skip orientation RR as there are not enough pairs
[M::mem_process_seqs] Processed 128346 reads in 3.979 CPU sec, 0.972 real sec
[main] Version: 0.7.19-r1273
[main] CMD: bwa mem -t 4 -R @RG\tID:s1\tSM:sim\tPL:ILLUMINA\tLB:lib1 data/refs/ecoli.fa work/ecoli_cov30_len150_err0_seed1_1.fq work/ecoli_cov30_len150_err0_seed1_2.fq
[main] Real time: 7.210 sec; CPU: 28.796 sec
