
    ====================ART====================
             ART_Illumina (2008-2016)          
          Q Version 2.5.8 (June 6, 2016)       
     Contact: Weichun Huang <whduke@gmail.com> 
    -------------------------------------------

                  Paired-end sequencing simulation

Total CPU time used: 10.3771

The random seed for the run: 1

Parameters used during run
	Read Length:	150
	Genome masking 'N' cutoff frequency: 	1 in 150
	Fold Coverage:            30X
	Mean Fragment Length:     350
	Standard Deviation:       50
	First quality shift:      0
	Second quality shift:     0
	Profile Type:             Combined
	ID Tag:                   

Quality Profile(s)
	First Read:   HiSeq 2500 Length 150 R1 (built-in profile) 
	First Read:   HiSeq 2500 Length 150 R2 (built-in profile) 

Output files

  FASTQ Sequence Files:
	 the 1st reads: /Users/rash/Documents/Files/Self/College/Semester 7/DNA/project/itr1/work/ecoli_cov30_len150_err0_seed1_1.fq
	 the 2nd reads: /Users/rash/Documents/Files/Self/College/Semester 7/DNA/project/itr1/work/ecoli_cov30_len150_err0_seed1_2.fq

  SAM Alignment File:
	/Users/rash/Documents/Files/Self/College/Semester 7/DNA/project/itr1/work/ecoli_cov30_len150_err0_seed1_.sam

