2026-08-14 21:38:26 serial = 27182818284
2026-08-14 21:38:26 email = anon
2026-08-14 21:38:26 RTG version = RTG Tools 3.13 / Core c27844a5bb (2025-05-27)
2026-08-14 21:38:26 apple.awt.application.name = RtgTools
2026-08-14 21:38:26 file.encoding = UTF-8
2026-08-14 21:38:26 file.separator = /
2026-08-14 21:38:26 ftp.nonProxyHosts = local|*.local|169.254/16|*.169.254/16
2026-08-14 21:38:26 host.name = Rashwanths-MacBook-Pro.local
2026-08-14 21:38:26 http.nonProxyHosts = local|*.local|169.254/16|*.169.254/16
2026-08-14 21:38:26 java.class.path = /Users/rash/Documents/Files/Self/College/Semester 7/DNA/project/itr1/tools/rtg-tools-3.13/RTG.jar
2026-08-14 21:38:26 java.class.version = 67.0
2026-08-14 21:38:26 java.home = /Library/Java/JavaVirtualMachines/jdk-23.jdk/Contents/Home
2026-08-14 21:38:26 java.io.tmpdir = /var/folders/hf/lgxr763d0dx9wh5gzjxr233m0000gn/T/
2026-08-14 21:38:26 java.library.path = /Users/rash/Documents/Files/Self/College/Semester 7/DNA/project/itr1/tools/rtg-tools-3.13
2026-08-14 21:38:26 java.runtime.name = Java(TM) SE Runtime Environment
2026-08-14 21:38:26 java.runtime.version = 23.0.2+7-58
2026-08-14 21:38:26 java.specification.name = Java Platform API Specification
2026-08-14 21:38:26 java.specification.vendor = Oracle Corporation
2026-08-14 21:38:26 java.specification.version = 23
2026-08-14 21:38:26 java.vendor = Oracle Corporation
2026-08-14 21:38:26 java.vendor.url = https://java.oracle.com/
2026-08-14 21:38:26 java.vendor.url.bug = https://bugreport.java.com/bugreport/
2026-08-14 21:38:26 java.version = 23.0.2
2026-08-14 21:38:26 java.version.date = 2025-01-21
2026-08-14 21:38:26 java.vm.compressedOopsMode = Non-zero disjoint base
2026-08-14 21:38:26 java.vm.info = mixed mode, sharing
2026-08-14 21:38:26 java.vm.name = Java HotSpot(TM) 64-Bit Server VM
2026-08-14 21:38:26 java.vm.specification.name = Java Virtual Machine Specification
2026-08-14 21:38:26 java.vm.specification.vendor = Oracle Corporation
2026-08-14 21:38:26 java.vm.specification.version = 23
2026-08-14 21:38:26 java.vm.vendor = Oracle Corporation
2026-08-14 21:38:26 java.vm.version = 23.0.2+7-58
2026-08-14 21:38:26 jdk.debug = release
2026-08-14 21:38:26 lang.version = 23.0.2
2026-08-14 21:38:26 line.separator = 

2026-08-14 21:38:26 models.dir = /Users/rash/Documents/Files/Self/College/Semester 7/DNA/project/itr1/tools/rtg-tools-3.13/models
2026-08-14 21:38:26 nashorn.option.no.deprecation.warning = true
2026-08-14 21:38:26 native.encoding = UTF-8
2026-08-14 21:38:26 os.arch = aarch64
2026-08-14 21:38:26 os.freememory = 6592593920
2026-08-14 21:38:26 os.name = Mac OS X
2026-08-14 21:38:26 os.totalmemory = 25769803776
2026-08-14 21:38:26 os.version = 26.6.1
2026-08-14 21:38:26 path.separator = :
2026-08-14 21:38:26 polyglot.js.nashorn-compat = true
2026-08-14 21:38:26 processor.arch = aarch64
2026-08-14 21:38:26 processor.count = 10
2026-08-14 21:38:26 references.dir = /Users/rash/Documents/Files/Self/College/Semester 7/DNA/project/itr1/tools/rtg-tools-3.13/references
2026-08-14 21:38:26 runtime.freememory = 406161480
2026-08-14 21:38:26 runtime.maxmemory = 23202889728
2026-08-14 21:38:26 runtime.totalMemory = 419430400
2026-08-14 21:38:26 socksNonProxyHosts = local|*.local|169.254/16|*.169.254/16
2026-08-14 21:38:26 stderr.encoding = UTF-8
2026-08-14 21:38:26 stdout.encoding = UTF-8
2026-08-14 21:38:26 sun.arch.data.model = 64
2026-08-14 21:38:26 sun.boot.library.path = /Library/Java/JavaVirtualMachines/jdk-23.jdk/Contents/Home/lib
2026-08-14 21:38:26 sun.cpu.endian = little
2026-08-14 21:38:26 sun.io.unicode.encoding = UnicodeBig
2026-08-14 21:38:26 sun.java.command = /Users/rash/Documents/Files/Self/College/Semester 7/DNA/project/itr1/tools/rtg-tools-3.13/RTG.jar vcfeval -b data/truth/ecoli.truth.vcf.gz -c work/norm/ecoli_cov30_len150_err0_seed1.bwa.gatk.raw.norm.vcf.gz -t data/refs/ecoli.sdf -e data/truth/ecoli.confident.bed --vcf-score-field=QUAL -o results/vcfeval/ecoli_cov30_len150_err0_seed1__bwa__gatk__raw__all
2026-08-14 21:38:26 sun.java.launcher = SUN_STANDARD
2026-08-14 21:38:26 sun.jnu.encoding = UTF-8
2026-08-14 21:38:26 sun.management.compiler = HotSpot 64-Bit Tiered Compilers
2026-08-14 21:38:26 talkback = false
2026-08-14 21:38:26 usage = false
2026-08-14 21:38:26 user.country = US
2026-08-14 21:38:26 user.dir = /Users/rash/Documents/Files/Self/College/Semester 7/DNA/project/itr1
2026-08-14 21:38:26 user.home = /Users/rash
2026-08-14 21:38:26 user.language = en
2026-08-14 21:38:26 user.name = rash
2026-08-14 21:38:26 user.timezone = Asia/Kolkata
2026-08-14 21:38:26 vendor = Oracle Corporation
2026-08-14 21:38:26 gzipfix.enabled = false
2026-08-14 21:38:26 Command line arguments: rtg vcfeval -b data/truth/ecoli.truth.vcf.gz -c work/norm/ecoli_cov30_len150_err0_seed1.bwa.gatk.raw.norm.vcf.gz -t data/refs/ecoli.sdf -e data/truth/ecoli.confident.bed --vcf-score-field=QUAL -o results/vcfeval/ecoli_cov30_len150_err0_seed1__bwa__gatk__raw__all
2026-08-14 21:38:26 Run Id: c0c2052a-4e84-42dd-b7e1-6783f7a49be0
2026-08-14 21:38:26 Referenced SDF-ID: b7a2474d-c167-426a-9445-3c6c14baf7c1 Type: DNA Sequences: 1 Max-Length: 4641652 Min-Length: 4641652 Arm: UNKNOWN
2026-08-14 21:38:26 Variant orientors per pass: [unphased (2 haplotypes):unphased (2 haplotypes)]
2026-08-14 21:38:26 Reference ecoli baseline contains 6000 variants.
2026-08-14 21:38:26 Reference ecoli calls contains 5946 variants.
2026-08-14 21:38:26 Reference ecoli had maximum path complexity of 9 at ecoli:4076465-4076724
2026-08-14 21:38:26 Representation bias correction factor for SNP 4953/4950.0 = 1.0006060606060605
2026-08-14 21:38:26 Representation bias correction factor for NON_SNP 995/998.0 = 0.996993987975952
2026-08-14 21:38:27 Selected score threshold using: maximized F-measure
2026-08-14 21:38:27 Threshold  True-pos-baseline  True-pos-call  False-pos  False-neg  Precision  Sensitivity  F-measure
----------------------------------------------------------------------------------------------------
   48.040               5948           5946          0         52     1.0000       0.9913     0.9956
     None               5948           5946          0         52     1.0000       0.9913     0.9956

2026-08-14 21:38:27 Finished successfully in 1 s.
