2026-08-14 21:39:00 serial = 27182818284
2026-08-14 21:39:00 email = anon
2026-08-14 21:39:00 RTG version = RTG Tools 3.13 / Core c27844a5bb (2025-05-27)
2026-08-14 21:39:00 apple.awt.application.name = RtgTools
2026-08-14 21:39:00 file.encoding = UTF-8
2026-08-14 21:39:00 file.separator = /
2026-08-14 21:39:00 ftp.nonProxyHosts = local|*.local|169.254/16|*.169.254/16
2026-08-14 21:39:00 host.name = Rashwanths-MacBook-Pro.local
2026-08-14 21:39:00 http.nonProxyHosts = local|*.local|169.254/16|*.169.254/16
2026-08-14 21:39:00 java.class.path = /Users/rash/Documents/Files/Self/College/Semester 7/DNA/project/itr1/tools/rtg-tools-3.13/RTG.jar
2026-08-14 21:39:00 java.class.version = 67.0
2026-08-14 21:39:00 java.home = /Library/Java/JavaVirtualMachines/jdk-23.jdk/Contents/Home
2026-08-14 21:39:00 java.io.tmpdir = /var/folders/hf/lgxr763d0dx9wh5gzjxr233m0000gn/T/
2026-08-14 21:39:00 java.library.path = /Users/rash/Documents/Files/Self/College/Semester 7/DNA/project/itr1/tools/rtg-tools-3.13
2026-08-14 21:39:00 java.runtime.name = Java(TM) SE Runtime Environment
2026-08-14 21:39:00 java.runtime.version = 23.0.2+7-58
2026-08-14 21:39:00 java.specification.name = Java Platform API Specification
2026-08-14 21:39:00 java.specification.vendor = Oracle Corporation
2026-08-14 21:39:00 java.specification.version = 23
2026-08-14 21:39:00 java.vendor = Oracle Corporation
2026-08-14 21:39:00 java.vendor.url = https://java.oracle.com/
2026-08-14 21:39:00 java.vendor.url.bug = https://bugreport.java.com/bugreport/
2026-08-14 21:39:00 java.version = 23.0.2
2026-08-14 21:39:00 java.version.date = 2025-01-21
2026-08-14 21:39:00 java.vm.compressedOopsMode = Non-zero disjoint base
2026-08-14 21:39:00 java.vm.info = mixed mode, sharing
2026-08-14 21:39:00 java.vm.name = Java HotSpot(TM) 64-Bit Server VM
2026-08-14 21:39:00 java.vm.specification.name = Java Virtual Machine Specification
2026-08-14 21:39:00 java.vm.specification.vendor = Oracle Corporation
2026-08-14 21:39:00 java.vm.specification.version = 23
2026-08-14 21:39:00 java.vm.vendor = Oracle Corporation
2026-08-14 21:39:00 java.vm.version = 23.0.2+7-58
2026-08-14 21:39:00 jdk.debug = release
2026-08-14 21:39:00 lang.version = 23.0.2
2026-08-14 21:39:00 line.separator = 

2026-08-14 21:39:00 models.dir = /Users/rash/Documents/Files/Self/College/Semester 7/DNA/project/itr1/tools/rtg-tools-3.13/models
2026-08-14 21:39:00 nashorn.option.no.deprecation.warning = true
2026-08-14 21:39:00 native.encoding = UTF-8
2026-08-14 21:39:00 os.arch = aarch64
2026-08-14 21:39:00 os.freememory = 6883328000
2026-08-14 21:39:00 os.name = Mac OS X
2026-08-14 21:39:00 os.totalmemory = 25769803776
2026-08-14 21:39:00 os.version = 26.6.1
2026-08-14 21:39:00 path.separator = :
2026-08-14 21:39:00 polyglot.js.nashorn-compat = true
2026-08-14 21:39:00 processor.arch = aarch64
2026-08-14 21:39:00 processor.count = 10
2026-08-14 21:39:00 references.dir = /Users/rash/Documents/Files/Self/College/Semester 7/DNA/project/itr1/tools/rtg-tools-3.13/references
2026-08-14 21:39:00 runtime.freememory = 406203008
2026-08-14 21:39:00 runtime.maxmemory = 23202889728
2026-08-14 21:39:00 runtime.totalMemory = 419430400
2026-08-14 21:39:00 socksNonProxyHosts = local|*.local|169.254/16|*.169.254/16
2026-08-14 21:39:00 stderr.encoding = UTF-8
2026-08-14 21:39:00 stdout.encoding = UTF-8
2026-08-14 21:39:00 sun.arch.data.model = 64
2026-08-14 21:39:00 sun.boot.library.path = /Library/Java/JavaVirtualMachines/jdk-23.jdk/Contents/Home/lib
2026-08-14 21:39:00 sun.cpu.endian = little
2026-08-14 21:39:00 sun.io.unicode.encoding = UnicodeBig
2026-08-14 21:39:00 sun.java.command = /Users/rash/Documents/Files/Self/College/Semester 7/DNA/project/itr1/tools/rtg-tools-3.13/RTG.jar vcfeval -b data/truth/ecoli.truth.vcf.gz -c work/norm/ecoli_cov30_len150_err0_seed1.minimap2.gatk.raw.norm.vcf.gz -t data/refs/ecoli.sdf -e data/truth/ecoli.confident.bed --vcf-score-field=QUAL -o results/vcfeval/ecoli_cov30_len150_err0_seed1__minimap2__gatk__raw__all
2026-08-14 21:39:00 sun.java.launcher = SUN_STANDARD
2026-08-14 21:39:00 sun.jnu.encoding = UTF-8
2026-08-14 21:39:00 sun.management.compiler = HotSpot 64-Bit Tiered Compilers
2026-08-14 21:39:00 talkback = false
2026-08-14 21:39:00 usage = false
2026-08-14 21:39:00 user.country = US
2026-08-14 21:39:00 user.dir = /Users/rash/Documents/Files/Self/College/Semester 7/DNA/project/itr1
2026-08-14 21:39:00 user.home = /Users/rash
2026-08-14 21:39:00 user.language = en
2026-08-14 21:39:00 user.name = rash
2026-08-14 21:39:00 user.timezone = Asia/Kolkata
2026-08-14 21:39:00 vendor = Oracle Corporation
2026-08-14 21:39:00 gzipfix.enabled = false
2026-08-14 21:39:00 Command line arguments: rtg vcfeval -b data/truth/ecoli.truth.vcf.gz -c work/norm/ecoli_cov30_len150_err0_seed1.minimap2.gatk.raw.norm.vcf.gz -t data/refs/ecoli.sdf -e data/truth/ecoli.confident.bed --vcf-score-field=QUAL -o results/vcfeval/ecoli_cov30_len150_err0_seed1__minimap2__gatk__raw__all
2026-08-14 21:39:00 Run Id: 858eeef0-201d-4f9a-8219-386f4f37dca0
2026-08-14 21:39:00 Referenced SDF-ID: b7a2474d-c167-426a-9445-3c6c14baf7c1 Type: DNA Sequences: 1 Max-Length: 4641652 Min-Length: 4641652 Arm: UNKNOWN
2026-08-14 21:39:00 Variant orientors per pass: [unphased (2 haplotypes):unphased (2 haplotypes)]
2026-08-14 21:39:00 Reference ecoli baseline contains 6000 variants.
2026-08-14 21:39:00 Reference ecoli calls contains 5938 variants.
2026-08-14 21:39:00 Reference ecoli had maximum path complexity of 9 at ecoli:4076465-4076724
2026-08-14 21:39:01 Representation bias correction factor for SNP 4946/4943.0 = 1.000606918875177
2026-08-14 21:39:01 Representation bias correction factor for NON_SNP 994/997.0 = 0.9969909729187563
2026-08-14 21:39:01 Selected score threshold using: maximized F-measure
2026-08-14 21:39:01 Threshold  True-pos-baseline  True-pos-call  False-pos  False-neg  Precision  Sensitivity  F-measure
----------------------------------------------------------------------------------------------------
   78.040               5940           5938          0         60     1.0000       0.9900     0.9950
     None               5940           5938          0         60     1.0000       0.9900     0.9950

2026-08-14 21:39:01 Finished successfully in 1 s.
